Component: ARM Compiler 5.06 update 7 (build 960) Tool: armlink [4d3601]

==============================================================================

Section Cross References

    startup.o(RESET) refers to startup.o(STACK) for __initial_sp
    startup.o(RESET) refers to startup.o(.text) for Reset_Handler
    startup.o(.text) refers to startup.o(myConstants) for Sector_quantity
    startup.o(.text) refers to startup.o(myVariables) for Sector_q_rw


==============================================================================

Removing Unused input sections from the image.

    Removing startup.o(HEAP), (0 bytes).

1 unused section(s) (total 0 bytes) removed from the image.

==============================================================================

Image Symbol Table

    Local Symbols

    Symbol Name                              Value     Ov Type        Size  Object(Section)

    RESET                                    0x00000000   Section      204  startup.o(RESET)
    startup.s                                0x00000000   Number         0  startup.o ABSOLUTE
    .text                                    0x000000cc   Section      252  startup.o(.text)
    myConstants                              0x000001c8   Section      128  startup.o(myConstants)
    Sector_prices                            0x000001c8   Data          40  startup.o(myConstants)
    Sector_quantity                          0x000001f8   Data          36  startup.o(myConstants)
    Num_sectors                              0x00000228   Data           1  startup.o(myConstants)
    Tickets                                  0x0000022c   Data          24  startup.o(myConstants)
    Ticket_requests                          0x00000244   Data           4  startup.o(myConstants)
    .ARM.__at_0x02FC                         0x000002fc   Section        4  startup.o(.ARM.__at_0x02FC)
    myVariables                              0x10000000   Section       52  startup.o(myVariables)
    Sector_q_rw                              0x10000000   Data          48  startup.o(myVariables)
    total_tickets                            0x10000030   Data           4  startup.o(myVariables)
    STACK                                    0x10000038   Section      512  startup.o(STACK)

    Global Symbols

    Symbol Name                              Value     Ov Type        Size  Object(Section)

    BuildAttributes$$THM_ISAv4$P$D$K$B$S$PE$A:L22UL41UL21$X:L11$S22US41US21$IEEE1$IW$USESV6$~STKCKD$USESV7$~SHL$OSPACE$EBA8$STANDARDLIB$PRES8$EABIv2 0x00000000   Number         0  anon$$obj.o ABSOLUTE
    __Vectors                                0x00000000   Data           4  startup.o(RESET)
    Reset_Handler                            0x000000cd   Thumb Code   198  startup.o(.text)
    NMI_Handler                              0x00000193   Thumb Code     2  startup.o(.text)
    HardFault_Handler                        0x00000195   Thumb Code     2  startup.o(.text)
    MemManage_Handler                        0x00000197   Thumb Code     2  startup.o(.text)
    BusFault_Handler                         0x00000199   Thumb Code     2  startup.o(.text)
    UsageFault_Handler                       0x0000019b   Thumb Code     2  startup.o(.text)
    SVC_Handler                              0x0000019d   Thumb Code     2  startup.o(.text)
    DebugMon_Handler                         0x0000019f   Thumb Code     2  startup.o(.text)
    PendSV_Handler                           0x000001a1   Thumb Code     2  startup.o(.text)
    SysTick_Handler                          0x000001a3   Thumb Code     2  startup.o(.text)
    ADC_IRQHandler                           0x000001a5   Thumb Code     0  startup.o(.text)
    BOD_IRQHandler                           0x000001a5   Thumb Code     0  startup.o(.text)
    CANActivity_IRQHandler                   0x000001a5   Thumb Code     0  startup.o(.text)
    CAN_IRQHandler                           0x000001a5   Thumb Code     0  startup.o(.text)
    DMA_IRQHandler                           0x000001a5   Thumb Code     0  startup.o(.text)
    EINT0_IRQHandler                         0x000001a5   Thumb Code     0  startup.o(.text)
    EINT1_IRQHandler                         0x000001a5   Thumb Code     0  startup.o(.text)
    EINT2_IRQHandler                         0x000001a5   Thumb Code     0  startup.o(.text)
    EINT3_IRQHandler                         0x000001a5   Thumb Code     0  startup.o(.text)
    ENET_IRQHandler                          0x000001a5   Thumb Code     0  startup.o(.text)
    I2C0_IRQHandler                          0x000001a5   Thumb Code     0  startup.o(.text)
    I2C1_IRQHandler                          0x000001a5   Thumb Code     0  startup.o(.text)
    I2C2_IRQHandler                          0x000001a5   Thumb Code     0  startup.o(.text)
    I2S_IRQHandler                           0x000001a5   Thumb Code     0  startup.o(.text)
    MCPWM_IRQHandler                         0x000001a5   Thumb Code     0  startup.o(.text)
    PLL0_IRQHandler                          0x000001a5   Thumb Code     0  startup.o(.text)
    PLL1_IRQHandler                          0x000001a5   Thumb Code     0  startup.o(.text)
    PWM1_IRQHandler                          0x000001a5   Thumb Code     0  startup.o(.text)
    QEI_IRQHandler                           0x000001a5   Thumb Code     0  startup.o(.text)
    RIT_IRQHandler                           0x000001a5   Thumb Code     0  startup.o(.text)
    RTC_IRQHandler                           0x000001a5   Thumb Code     0  startup.o(.text)
    SPI_IRQHandler                           0x000001a5   Thumb Code     0  startup.o(.text)
    SSP0_IRQHandler                          0x000001a5   Thumb Code     0  startup.o(.text)
    SSP1_IRQHandler                          0x000001a5   Thumb Code     0  startup.o(.text)
    TIMER0_IRQHandler                        0x000001a5   Thumb Code     0  startup.o(.text)
    TIMER1_IRQHandler                        0x000001a5   Thumb Code     0  startup.o(.text)
    TIMER2_IRQHandler                        0x000001a5   Thumb Code     0  startup.o(.text)
    TIMER3_IRQHandler                        0x000001a5   Thumb Code     0  startup.o(.text)
    UART0_IRQHandler                         0x000001a5   Thumb Code     0  startup.o(.text)
    UART1_IRQHandler                         0x000001a5   Thumb Code     0  startup.o(.text)
    UART2_IRQHandler                         0x000001a5   Thumb Code     0  startup.o(.text)
    UART3_IRQHandler                         0x000001a5   Thumb Code     0  startup.o(.text)
    USBActivity_IRQHandler                   0x000001a5   Thumb Code     0  startup.o(.text)
    USB_IRQHandler                           0x000001a5   Thumb Code     0  startup.o(.text)
    WDT_IRQHandler                           0x000001a5   Thumb Code     0  startup.o(.text)
    __initial_sp                             0x10000238   Data           0  startup.o(STACK)



==============================================================================

Memory Map of the image

  Image Entry point : 0x000000cd

  Load Region LR_1 (Base: 0x00000000, Size: 0x00000334, Max: 0xffffffff, ABSOLUTE)

    Execution Region ER_RO (Exec base: 0x00000000, Load base: 0x00000000, Size: 0x00000300, Max: 0xffffffff, ABSOLUTE)

    Exec Addr    Load Addr    Size         Type   Attr      Idx    E Section Name        Object

    0x00000000   0x00000000   0x000000cc   Data   RO            3    RESET               startup.o
    0x000000cc   0x000000cc   0x000000fc   Code   RO            7  * .text               startup.o
    0x000001c8   0x000001c8   0x00000080   Data   RO            5    myConstants         startup.o
    0x00000248   0x00000248   0x000000b4   PAD
    0x000002fc   0x000002fc   0x00000004   Code   RO            4    .ARM.__at_0x02FC    startup.o


    Execution Region ER_RW (Exec base: 0x10000000, Load base: 0x00000300, Size: 0x00000034, Max: 0xffffffff, ABSOLUTE)

    Exec Addr    Load Addr    Size         Type   Attr      Idx    E Section Name        Object

    0x10000000   0x00000300   0x00000034   Data   RW            6    myVariables         startup.o


    Execution Region ER_ZI (Exec base: 0x10000034, Load base: 0x00000334, Size: 0x00000204, Max: 0xffffffff, ABSOLUTE)

    Exec Addr    Load Addr    Size         Type   Attr      Idx    E Section Name        Object

    0x10000034   0x00000334   0x00000004   PAD
    0x10000038        -       0x00000200   Zero   RW            1    STACK               startup.o


==============================================================================

Image component sizes


      Code (inc. data)   RO Data    RW Data    ZI Data      Debug   Object Name

       256         38        332         52        512       1200   startup.o

    ----------------------------------------------------------------------
       256         38        512         52        516       1200   Object Totals
         0          0          0          0          0          0   (incl. Generated)
         0          0        180          0          4          0   (incl. Padding)

    ----------------------------------------------------------------------
         0          0          0          0          0          0   Library Totals
         0          0          0          0          0          0   (incl. Padding)

    ----------------------------------------------------------------------

==============================================================================


      Code (inc. data)   RO Data    RW Data    ZI Data      Debug   

       256         38        512         52        516       1200   Grand Totals
       256         38        512         52        516       1200   ELF Image Totals
       256         38        512         52          0          0   ROM Totals

==============================================================================

    Total RO  Size (Code + RO Data)                  768 (   0.75kB)
    Total RW  Size (RW Data + ZI Data)               568 (   0.55kB)
    Total ROM Size (Code + RO Data + RW Data)        820 (   0.80kB)

==============================================================================

